---
source: edpdgen_lib/src/input_parsers/dpd.rs
expression: word_data

---
  <hr />

  <div>
    Dictionary information for &quot;<strong>ābandhaka</strong>&quot; is still being compiled. Please contact <a href="mailto:digitalpalitools@gmail.com">Digital Pāli Tools Team</a> for updates.
  </div>
  <br />

<div>
<a class="dictionary-feedback-link-dpd" href="fb_url?entry.267696921=host url&entry.1433863141=host version" target="_blank">spot a mistake in the dictionary? fix it here!</a>
</div>
<br />
<div>
[ITABLE: ābandhaka]
</div>
<br />
<div>
<a class="dictionary-word-back-to-top-link-dpd" href="#ābandhaka_dpd">&#x25B2; back to top</a>
</div>

