---
source: edpdgen_lib/src/input_parsers/dps.rs
expression: word_data

---
<hr />
<div>
  <h4 id="kaṇṇa_1_dpy">kaṇṇa 1</h4>
  <table class="word-info-table-dpy">
    <tbody><tr><td>English</td><td><span><strong>ear</strong></span></td></tr><tr><td>Russian</td><td><span><strong>ухо</strong></span></td></tr><tr><td>Sanskrit</td><td><span>karṇa</span></td></tr></tbody>
  </table>
  <br /><span>tato tvaṃ, moggallāna, ubho <b>kaṇṇa</b>-sotāni āviñcheyyāsi, pāṇinā gattāni anumajjeyyāsi.</span><br /><span class="sutta-source-dpy"><i>AN 7.61 pacalāyamāna sutta</i></span><br /><br /><span>pharusaṃ vācaṃ pahāya pharusāya vācāya paṭivirato hoti, yā sā vācā n’elā <b>kaṇṇa</b>-sukhā pemanīyā hadayaṅ’gamā porī bahujanakantā bahujanamanāpā tathārūpiṃ vācaṃ bhāsitā hoti</span><br /><span class="sutta-source-dpy"><i>MN 51 anupubba-sikkhā</i></span><br /><br /><span class="sutta-source-dpy"><i>Teachings</i></span><br /><br /></div>
<br/>

