---
source: edpdgen_lib/src/input_parsers/dpd.rs
expression: word_data

---
  <hr />

  <div>
    <h4 id="ābādhikinī_dpd">ābādhikinī</h4>
    <table class="word-info-table-dpd">
      <tbody><tr><td>Pāli</td><td><span>ābādhikinī</span></td></tr><tr><td>Grammar</td><td><span>f, from ābādhika</span></td></tr><tr><td>English</td><td><span><strong>sick woman, ill woman</strong></span></td></tr><tr><td></td><td><span>lit. LM4</span></td></tr><tr><td>Family</td><td><span>ā √bādh</span></td></tr><tr><td>Root</td><td><span>√bādh<sup>･</sup>1.1 a (to press, oppress)&nbsp;RiC4&nbsp;in comps</span></td></tr><tr><td>Construction</td><td><span>ā + √bādh + a + ika + inī<br/>ābādhika + inī</span></td></tr><tr><td>Derivative</td><td><span>taddhita (inī)</span></td></tr><tr><td>Sanskrit</td><td><span>ābādha + ika</span></td></tr><tr><td>Sanskrit Root</td><td><span>√bādh</span></td></tr></tbody>
    </table>
    <br /><span>ehi tvaṃ, ambho purisa, yen'ayyo ānando ten'upasaṅkama, upasaṅkamitvā mama vacanena ayyassa ānandassa pāde sirasā vanda, itthannāmā, bhante, bhikkhunī <b>ābādhikinī</b> dukkhitā bāḷhagilānā.</span><br /><span class="sutta-source-dpd"><i>AN 4.159 bhikkhunīsuttaṃ</i></span><br /><br /></div>

<div>
[ITABLE: ābādhikinī]
</div>
<br/>
<a class="dictionary-feedback-link-dpd" href="fb_url?entry.267696921=host url&entry.1433863141=host version" target="_blank">spot a mistake in the dictionary? fix it here!</a>

