---
source: edpdgen_lib/src/input_parsers/mod.rs
expression: word_data

---
  <hr />
  <div>
    <h4 id="ābandhaka_dpd">ābandhaka</h4>
    <table class="word-info-table-dpd">
      <tbody><tr><td>Pāli</td><td><span>ābandhaka</span></td></tr><tr><td>Grammar</td><td><span>adj</span></td></tr><tr><td>Family</td><td><span>ā √bandh</span></td></tr><tr><td>Root</td><td><span>√bandh<sup>･</sup>1.1 a (to bind, tie)</span></td></tr><tr><td>Base</td><td><span>√bandh + a > bandha</span></td></tr><tr><td>Construction</td><td><span>ā + bandha + ka</span></td></tr><tr><td>Sanskrit Root</td><td><span>√bandh</span></td></tr></tbody>
    </table>
    <br /></div>

