---
source: edpdgen_lib/src/ajdict/input_parsers/dpd.rs
expression: word_data

---
abahulīkata; adj, pp of bahulīkaroti, comp vb; neg: not practised often, not fully developed, not cultivated, not increased; lit. LM5; RiC5 in comps; constr. na + bahula + kata; kammadhāraya(na + bahulīkata); ant. bahulīkata; note. a > ī before √kar; abahulīkṛtacl. 4
