---
source: edpdgen_lib/src/ajdict/input_parsers/dpd.rs
expression: word_data

---
ābādhika; adj, from ābādha; sick; ill, lit. oppressed; root: √bādh･1 a (to press, oppress); constr: ā + √bādh + a + ika | ābādha + ika; ct: (DNa) ābādhikan'ti iriyāpathabhañjanakena visabhāgabādhena ābādhikaṃ.; sk: ābādha + ika, √bādh cl. 1 (to oppress)
