---
source: edpdgen_lib/src/ajdict/input_parsers/dpd.rs
expression: word_data

---
ābādhato; ind, adv, abl sg of ābādha; as disease; as sickness; as illness; as affliction; root: √bādh･1 a (to press, oppress); constr: ā + √bādh + a + to | ābādha + to; ct: (MNa) rog'aṭṭhena ābādhato; sk: ābādhāt, √bādh cl. 1 (to oppress)
