---
source: edpdgen_lib/src/output_generators/mod.rs
expression: dict_entries

---
[
    "\n<!DOCTYPE html>\n<html>\n<head>\n<style>\n* {\n  font-family: \"Verajja Serif\", \"DejaVu Sans\", sans-serif;\n}\ntable.word-info-table-dpd tr {\n  vertical-align: top;\n}\ntable.word-info-table-dpd tr td:nth-child(1), span.sutta-source-dpd {\n  color: orange;\n}\n</style>\n</head>\n<body>\n\nābādha_dpd - word data-dpd</body>\n</html>",
    "\n<!DOCTYPE html>\n<html>\n<head>\n<style>\n* {\n  font-family: \"Verajja Serif\", \"DejaVu Sans\", sans-serif;\n}\ntable.word-info-table-dpd tr {\n  vertical-align: top;\n}\ntable.word-info-table-dpd tr td:nth-child(1), span.sutta-source-dpd {\n  color: orange;\n}\n</style>\n</head>\n<body>\n\nābādhato_dpd - word data-dpd</body>\n</html>",
    "\n<!DOCTYPE html>\n<html>\n<head>\n<style>\n* {\n  font-family: \"Verajja Serif\", \"DejaVu Sans\", sans-serif;\n}\ntable.word-info-table-dpd tr {\n  vertical-align: top;\n}\ntable.word-info-table-dpd tr td:nth-child(1), span.sutta-source-dpd {\n  color: orange;\n}\n</style>\n</head>\n<body>\n\nābādhika_dpd - word data-dpd</body>\n</html>",
    "\n<!DOCTYPE html>\n<html>\n<head>\n<style>\n* {\n  font-family: \"Verajja Serif\", \"DejaVu Sans\", sans-serif;\n}\ntable.word-info-table-dpd tr {\n  vertical-align: top;\n}\ntable.word-info-table-dpd tr td:nth-child(1), span.sutta-source-dpd {\n  color: orange;\n}\n</style>\n</head>\n<body>\n\nābādhikinī_dpd - word data-dpd</body>\n</html>",
    "\n<!DOCTYPE html>\n<html>\n<head>\n<style>\n* {\n  font-family: \"Verajja Serif\", \"DejaVu Sans\", sans-serif;\n}\ntable.word-info-table-dpd tr {\n  vertical-align: top;\n}\ntable.word-info-table-dpd tr td:nth-child(1), span.sutta-source-dpd {\n  color: orange;\n}\n</style>\n</head>\n<body>\n\nabahulīkata_dpd - word data-dpd</body>\n</html>",
    "\n<!DOCTYPE html>\n<html>\n<head>\n<style>\n* {\n  font-family: \"Verajja Serif\", \"DejaVu Sans\", sans-serif;\n}\ntable.word-info-table-dpd tr {\n  vertical-align: top;\n}\ntable.word-info-table-dpd tr td:nth-child(1), span.sutta-source-dpd {\n  color: orange;\n}\n</style>\n</head>\n<body>\nabala_1_dpd - toc\nabala_2_dpd - toc\n<br/>\nabala_1_dpd - word data-dpdabala_2_dpd - word data-dpd</body>\n</html>",
    "\n<!DOCTYPE html>\n<html>\n<head>\n<style>\n* {\n  font-family: \"Verajja Serif\", \"DejaVu Sans\", sans-serif;\n}\ntable.word-info-table-dpd tr {\n  vertical-align: top;\n}\ntable.word-info-table-dpd tr td:nth-child(1), span.sutta-source-dpd {\n  color: orange;\n}\n</style>\n</head>\n<body>\n\nabalabala_dpd - word data-dpd</body>\n</html>",
    "\n<!DOCTYPE html>\n<html>\n<head>\n<style>\n* {\n  font-family: \"Verajja Serif\", \"DejaVu Sans\", sans-serif;\n}\ntable.word-info-table-dpd tr {\n  vertical-align: top;\n}\ntable.word-info-table-dpd tr td:nth-child(1), span.sutta-source-dpd {\n  color: orange;\n}\n</style>\n</head>\n<body>\n\nābandhaka_dpd - word data-dpd</body>\n</html>",
    "\n<!DOCTYPE html>\n<html>\n<head>\n<style>\n* {\n  font-family: \"Verajja Serif\", \"DejaVu Sans\", sans-serif;\n}\ntable.word-info-table-dpd tr {\n  vertical-align: top;\n}\ntable.word-info-table-dpd tr td:nth-child(1), span.sutta-source-dpd {\n  color: orange;\n}\n</style>\n</head>\n<body>\nadhikāra_1_dpd - toc\nadhikāra_2_dpd - toc\nadhikāra_4_dpd - toc\nadhikāra_10_dpd - toc\n<br/>\nadhikāra_1_dpd - word data-dpdadhikāra_2_dpd - word data-dpdadhikāra_4_dpd - word data-dpdadhikāra_10_dpd - word data-dpd</body>\n</html>",
]
