---
source: edpdgen_lib/src/output_generators/mod.rs
expression: idx_entries

---
- word: ābādha
  data_offset: 0
  data_size: 416
- word: ābādhato
  data_offset: 416
  data_size: 420
- word: ābādhika
  data_offset: 836
  data_size: 420
- word: ābādhikinī
  data_offset: 1256
  data_size: 426
- word: abahulīkata
  data_offset: 1682
  data_size: 424
- word: abala
  data_offset: 2106
  data_size: 515
- word: abalabala
  data_offset: 2621
  data_size: 418
- word: ābandhaka
  data_offset: 3039
  data_size: 420
- word: adhikāra
  data_offset: 3459
  data_size: 751

