---
source: edpdgen_lib/src/output_generators/mod.rs
expression: syn_entries

---
- synonym_word: ābādha_1
  original_word_index: 0
- synonym_word: ābādha_2
  original_word_index: 0
- synonym_word: ābādhato_1
  original_word_index: 1
- synonym_word: ābādhato_2
  original_word_index: 1
- synonym_word: ābādhika_1
  original_word_index: 2
- synonym_word: ābādhika_2
  original_word_index: 2
- synonym_word: ābādhikinī_1
  original_word_index: 3
- synonym_word: ābādhikinī_2
  original_word_index: 3
- synonym_word: abahulīkata_1
  original_word_index: 4
- synonym_word: abahulīkata_2
  original_word_index: 4
- synonym_word: abala 1_1
  original_word_index: 5
- synonym_word: abala 1_2
  original_word_index: 5
- synonym_word: abala 2_1
  original_word_index: 5
- synonym_word: abala 2_2
  original_word_index: 5
- synonym_word: abalabala_1
  original_word_index: 6
- synonym_word: abalabala_2
  original_word_index: 6
- synonym_word: ābandhaka_1
  original_word_index: 7
- synonym_word: ābandhaka_2
  original_word_index: 7
- synonym_word: adhikāra 1_1
  original_word_index: 8
- synonym_word: adhikāra 1_2
  original_word_index: 8
- synonym_word: adhikāra 2_1
  original_word_index: 8
- synonym_word: adhikāra 2_2
  original_word_index: 8
- synonym_word: adhikāra 4_1
  original_word_index: 8
- synonym_word: adhikāra 4_2
  original_word_index: 8
- synonym_word: adhikāra 10_1
  original_word_index: 8
- synonym_word: adhikāra 10_2
  original_word_index: 8

