---
source: edpdgen_lib/src/output_generators/mod.rs
expression: dict_entries

---
[
    "\r\n<!DOCTYPE html>\r\n<html>\r\n<head>\r\n<style>\r\n* {\r\n  font-family: \"Verajja Serif\", \"DejaVu Sans\", sans-serif;\r\n}\r\ntable.word-info-table-dpz tr {\r\n  vertical-align: top;\r\n}\r\ntable.word-info-table-dpz tr td:nth-child(1), span.sutta-source-dpz {\r\n  color: orange;\r\n}\r\n</style>\r\n</head>\r\n<body>\r\nābādha_dpz - toc\r\n<br/>ābādha_dpz - word data-dpz-http://feedback.form/???-this is the host-host version</body>\r\n</html>\r\n",
    "\r\n<!DOCTYPE html>\r\n<html>\r\n<head>\r\n<style>\r\n* {\r\n  font-family: \"Verajja Serif\", \"DejaVu Sans\", sans-serif;\r\n}\r\ntable.word-info-table-dpz tr {\r\n  vertical-align: top;\r\n}\r\ntable.word-info-table-dpz tr td:nth-child(1), span.sutta-source-dpz {\r\n  color: orange;\r\n}\r\n</style>\r\n</head>\r\n<body>\r\nābādhato_dpz - toc\r\n<br/>ābādhato_dpz - word data-dpz-http://feedback.form/???-this is the host-host version</body>\r\n</html>\r\n",
    "\r\n<!DOCTYPE html>\r\n<html>\r\n<head>\r\n<style>\r\n* {\r\n  font-family: \"Verajja Serif\", \"DejaVu Sans\", sans-serif;\r\n}\r\ntable.word-info-table-dpz tr {\r\n  vertical-align: top;\r\n}\r\ntable.word-info-table-dpz tr td:nth-child(1), span.sutta-source-dpz {\r\n  color: orange;\r\n}\r\n</style>\r\n</head>\r\n<body>\r\nābādhika_dpz - toc\r\n<br/>ābādhika_dpz - word data-dpz-http://feedback.form/???-this is the host-host version</body>\r\n</html>\r\n",
    "\r\n<!DOCTYPE html>\r\n<html>\r\n<head>\r\n<style>\r\n* {\r\n  font-family: \"Verajja Serif\", \"DejaVu Sans\", sans-serif;\r\n}\r\ntable.word-info-table-dpz tr {\r\n  vertical-align: top;\r\n}\r\ntable.word-info-table-dpz tr td:nth-child(1), span.sutta-source-dpz {\r\n  color: orange;\r\n}\r\n</style>\r\n</head>\r\n<body>\r\nābādhikinī_dpz - toc\r\n<br/>ābādhikinī_dpz - word data-dpz-http://feedback.form/???-this is the host-host version</body>\r\n</html>\r\n",
    "\r\n<!DOCTYPE html>\r\n<html>\r\n<head>\r\n<style>\r\n* {\r\n  font-family: \"Verajja Serif\", \"DejaVu Sans\", sans-serif;\r\n}\r\ntable.word-info-table-dpz tr {\r\n  vertical-align: top;\r\n}\r\ntable.word-info-table-dpz tr td:nth-child(1), span.sutta-source-dpz {\r\n  color: orange;\r\n}\r\n</style>\r\n</head>\r\n<body>\r\nabahulīkata_dpz - toc\r\n<br/>abahulīkata_dpz - word data-dpz-http://feedback.form/???-this is the host-host version</body>\r\n</html>\r\n",
    "\r\n<!DOCTYPE html>\r\n<html>\r\n<head>\r\n<style>\r\n* {\r\n  font-family: \"Verajja Serif\", \"DejaVu Sans\", sans-serif;\r\n}\r\ntable.word-info-table-dpz tr {\r\n  vertical-align: top;\r\n}\r\ntable.word-info-table-dpz tr td:nth-child(1), span.sutta-source-dpz {\r\n  color: orange;\r\n}\r\n</style>\r\n</head>\r\n<body>\r\nabala_1_dpz - toc\r\nabala_2_dpz - toc\r\n<br/>abala_1_dpz - word data-dpz-http://feedback.form/???-this is the host-host versionabala_2_dpz - word data-dpz-http://feedback.form/???-this is the host-host version</body>\r\n</html>\r\n",
    "\r\n<!DOCTYPE html>\r\n<html>\r\n<head>\r\n<style>\r\n* {\r\n  font-family: \"Verajja Serif\", \"DejaVu Sans\", sans-serif;\r\n}\r\ntable.word-info-table-dpz tr {\r\n  vertical-align: top;\r\n}\r\ntable.word-info-table-dpz tr td:nth-child(1), span.sutta-source-dpz {\r\n  color: orange;\r\n}\r\n</style>\r\n</head>\r\n<body>\r\nabalabala_dpz - toc\r\n<br/>abalabala_dpz - word data-dpz-http://feedback.form/???-this is the host-host version</body>\r\n</html>\r\n",
    "\r\n<!DOCTYPE html>\r\n<html>\r\n<head>\r\n<style>\r\n* {\r\n  font-family: \"Verajja Serif\", \"DejaVu Sans\", sans-serif;\r\n}\r\ntable.word-info-table-dpz tr {\r\n  vertical-align: top;\r\n}\r\ntable.word-info-table-dpz tr td:nth-child(1), span.sutta-source-dpz {\r\n  color: orange;\r\n}\r\n</style>\r\n</head>\r\n<body>\r\nābandhaka_dpz - toc\r\n<br/>ābandhaka_dpz - word data-dpz-http://feedback.form/???-this is the host-host version</body>\r\n</html>\r\n",
    "\r\n<!DOCTYPE html>\r\n<html>\r\n<head>\r\n<style>\r\n* {\r\n  font-family: \"Verajja Serif\", \"DejaVu Sans\", sans-serif;\r\n}\r\ntable.word-info-table-dpz tr {\r\n  vertical-align: top;\r\n}\r\ntable.word-info-table-dpz tr td:nth-child(1), span.sutta-source-dpz {\r\n  color: orange;\r\n}\r\n</style>\r\n</head>\r\n<body>\r\nadhikāra_1_dpz - toc\r\nadhikāra_2_dpz - toc\r\nadhikāra_4_dpz - toc\r\nadhikāra_10_dpz - toc\r\n<br/>adhikāra_1_dpz - word data-dpz-http://feedback.form/???-this is the host-host versionadhikāra_2_dpz - word data-dpz-http://feedback.form/???-this is the host-host versionadhikāra_4_dpz - word data-dpz-http://feedback.form/???-this is the host-host versionadhikāra_10_dpz - word data-dpz-http://feedback.form/???-this is the host-host version</body>\r\n</html>\r\n",
]
